[blueone.webflow.io/index.html]
[backblue.gif]
[fade.gif]
[index.html]
[assets.website-files.com/63485f0753250e3a8c4b7682/css/blueone.webflow.644af00ec.min.css]
[assets.website-files.com/63485f0753250e3a8c4b7682/634fe7a2f22c3b213f232bd0_Favicon.png]
[assets.website-files.com/63485f0753250e3a8c4b7682/634fe7aac01d59d4bec63629_Webclip.png]
[blueone.webflow.io/solutions-1.html]
[blueone.webflow.io/home-3.html]
[blueone.webflow.io/blog-1.html]
[blueone.webflow.io/about-us-2.html]
[blueone.webflow.io/services-1.html]
[blueone.webflow.io/services-2.html]
[blueone.webflow.io/services-3.html]
[blueone.webflow.io/our-team-1.html]
[blueone.webflow.io/solutions-3.html]
[d3e54v103j8qbb.cloudfront.net/js/jquery-3.5.1.min.dc5e7f18c8f3c7.js]
[blueone.webflow.io/index.html]
[assets.website-files.com/63485f0753250e3a8c4b7682/css/blueone.webflow.644af00ec.min.css]
[assets.website-files.com/63485f0753250e3a8c4b7682/js/webflow.5ff73079e.js]
[blueone.webflow.io/solutions-1.html]
[assets.website-files.com/634d08a6e6cf5898e5e09dc8/635031309301719f096207b2_desola-lanre-ologun-vII7qKAk-9A-unsplash.jpg]
[assets.website-files.com/634d08a6e6cf5898e5e09dc8/634f1c9eeab16814e77dc27e_carlos-muza-hpjSkU2UYSU-unsplash.jpg]
[assets.website-files.com/634d08a6e6cf5898e5e09dc8/634f1c8514e5010243024517_scott-graham-5fNmWej4tAA-unsplash.jpg]
[blueone.webflow.io/post/successful-businesses-of-the-future.html]
[assets.website-files.com/634d08a6e6cf5898e5e09dc8/634f1cb89c96a7442b75e674_tomasz-frankowski-kBUfvkbFIoE-unsplash.jpg]
[assets.website-files.com/634d08a6e6cf5898e5e09dc8/6350326e50f1ed403f8eb1dc_campaign-creators-pypeCEaJeZY-unsplash.jpg]
[assets.website-files.com/634d08a6e6cf5898e5e09dc8/634f1cfb36d7240965d641c5_testalize-me-UmJKil_edI8-unsplash.jpg]
[blueone.webflow.io/home-3.html]
[blueone.webflow.io/category/email-marketing.html]
[blueone.webflow.io/blog-1.html]
[blueone.webflow.io/about-us-2.html]
[blueone.webflow.io/services-1.html]
[blueone.webflow.io/services-2.html]
[blueone.webflow.io/services-3.html]
[assets.website-files.com/634d08a6e6cf5898e5e09dc8/634ea2ef43522ea75920bd2d_1666097904232-image13.jpg]
[assets.website-files.com/634d08a6e6cf5898e5e09dc8/634ea2ee71476fc4adc0e8c5_1666097903750-image11.jpg]
[assets.website-files.com/634d08a6e6cf5898e5e09dc8/634ea2ee1732698582b918fb_1666097903911-image2.jpg]
[assets.website-files.com/634d08a6e6cf5898e5e09dc8/634ea2ee08836ee703164412_1666097903690-image7.jpg]
[assets.website-files.com/634d08a6e6cf5898e5e09dc8/634ea2ef1fb6b040a104e83d_1666097904169-image20.jpg]
[assets.website-files.com/634d08a6e6cf5898e5e09dc8/634ea2efa74aca434d96805f_1666097904234-image16.jpg]
[assets.website-files.com/634d08a6e6cf5898e5e09dc8/634ea2ee88cef6be99887614_1666097903592-image4.jpg]
[blueone.webflow.io/our-team-1.html]
[blueone.webflow.io/solutions-3.html]
[assets.website-files.com/634d08a6e6cf5898e5e09dc8/634f1d13da7e85661b6c5976_lukas-blazek-mcSDtbWXUZU-unsplash.jpg]
[assets.website-files.com/634d08a6e6cf5898e5e09dc8/634f1d33b6774f3fe4a62ddf_hush-naidoo-jade-photography-yo01Z-9HQAw-unsplash.jpg]
[blueone.webflow.io/post/successful-businesses-of-the-future.html]
[blueone.webflow.io/category/email-marketing.html]
[blueone.webflow.io/home-2]
[blueone.webflow.io/blog-2]
[blueone.webflow.io/blog-3.html]
[blueone.webflow.io/blog-single]
[blueone.webflow.io/about-us-1.html]
[blueone.webflow.io/about-us-3]
[blueone.webflow.io/service-single]
[blueone.webflow.io/contact-1]
[blueone.webflow.io/contact-2]
[blueone.webflow.io/contact-3]
[blueone.webflow.io/our-team-2.html]
[blueone.webflow.io/our-team-3]
[blueone.webflow.io/our-team-single]
[blueone.webflow.io/faqs-1]
[blueone.webflow.io/faqs-2]
[blueone.webflow.io/faqs-3]
[blueone.webflow.io/solutions-2]
[blueone.webflow.io/solutions-single]
[blueone.webflow.io/post/5-web-portal-examples-your-business-can-learn-from]
[blueone.webflow.io/post/benefits-of-telemedicine-in-nursing-homes]
[blueone.webflow.io/post/business-analysis-helps-you-in-finance]
[blueone.webflow.io/style-guide]
[blueone.webflow.io/licenses]
[blueone.webflow.io/solution/data-integration.html]
[blueone.webflow.io/solution/data-science]
[blueone.webflow.io/solution/big-data]
[blueone.webflow.io/solution/data-warehousing]
[blueone.webflow.io/solution/self-service-bi]
[blueone.webflow.io/solution/data-visualization]
[blueone.webflow.io/post/staffing-software-key-capabilities-and-top-products.html]
[blueone.webflow.io/post/2022-software-development-trends-explained-with-benefits]
[blueone.webflow.io/post/white-box-penetration-testing]
[blueone.webflow.io/post/data-secure-on-transitioning-to-a-new-office]
[blueone.webflow.io/post/iso-13485-compliance-of-medical-devices]
[blueone.webflow.io/blog-129a6]
[blueone.webflow.io/category/team-collaboration]
[blueone.webflow.io/category/project-management]
[blueone.webflow.io/category/defence.html]
[blueone.webflow.io/category/business-intelligence]
[blueone.webflow.io/category/fintech]
[blueone.webflow.io/tag/proxy.html]
[blueone.webflow.io/tag/information-security]
[blueone.webflow.io/tag/data-analytics]
[blueone.webflow.io/tag/app]
[blueone.webflow.io/tag/management]
[blueone.webflow.io/tag/big-data]
[blueone.webflow.io/tag/media]
[blueone.webflow.io/tag/team]
[blueone.webflow.io/service/artificial-intelligence]
[blueone.webflow.io/service/machine-learning]
[blueone.webflow.io/service/embed-analytics]
[blueone.webflow.io/service/access-control]
[blueone.webflow.io/service/data-analytics]
[blueone.webflow.io/service/big-data-consulting]
[blueone.webflow.io/categories]
